make: Nothing to be done for 'all'.
[part4] alloc R n=1000000 reps=30
[part4] shared R n=1000000 reps=30
[part4] stdsort R n=1000000 reps=30
[part4] qsort R n=1000000 reps=30
[part4] alloc A n=1000000 reps=30
[part4] shared A n=1000000 reps=30
[part4] stdsort A n=1000000 reps=30
[part4] qsort A n=1000000 reps=30
[part4] alloc D n=1000000 reps=30
[part4] shared D n=1000000 reps=30
[part4] stdsort D n=1000000 reps=30
[part4] qsort D n=1000000 reps=30
[part4] alloc E n=1000000 reps=30
[part4] shared E n=1000000 reps=30
[part4] stdsort E n=1000000 reps=30
[part4] qsort E n=1000000 reps=30
[part4] alloc R n=10000000 reps=15
[part4] shared R n=10000000 reps=15
[part4] stdsort R n=10000000 reps=15
[part4] qsort R n=10000000 reps=15
[part4] alloc A n=10000000 reps=15
[part4] shared A n=10000000 reps=15
[part4] stdsort A n=10000000 reps=15
[part4] qsort A n=10000000 reps=15
[part4] alloc D n=10000000 reps=15
[part4] shared D n=10000000 reps=15
[part4] stdsort D n=10000000 reps=15
[part4] qsort D n=10000000 reps=15
[part4] alloc E n=10000000 reps=15
[part4] shared E n=10000000 reps=15
[part4] stdsort E n=10000000 reps=15
[part4] qsort E n=10000000 reps=15
[part4] alloc R n=100000000 reps=10
[part4] shared R n=100000000 reps=10
[part4] stdsort R n=100000000 reps=10
[part4] qsort R n=100000000 reps=10
[part4] alloc A n=100000000 reps=10
[part4] shared A n=100000000 reps=10
[part4] stdsort A n=100000000 reps=10
[part4] qsort A n=100000000 reps=10
[part4] alloc D n=100000000 reps=10
[part4] shared D n=100000000 reps=10
[part4] stdsort D n=100000000 reps=10
[part4] qsort D n=100000000 reps=10
[part4] alloc E n=100000000 reps=10
[part4] shared E n=100000000 reps=10
[part4] stdsort E n=100000000 reps=10
[part4] qsort E n=100000000 reps=10
done: 881 lines in data/part4.csv (expected 881)
